2025-03-12 07:44:18,885 - INFO - Sent: {'sub': 'market.XRP-USDT.depth.step0', 'id': 'test0'}
2025-03-12 07:44:18,908 - INFO - Sent: {'time': 1741736658236811339, 'channel': 'futures.book_ticker', 'event': 'subscribe', 'payload': ['XRP_USDT']}
2025-03-12 09:24:20,069 - INFO - current mean : 1.000129382441715 and std : 0.00018025017440301809
2025-03-12 09:24:20,082 - INFO - overhead cost : 1844855850ns
2025-03-12 09:25:27,547 - INFO - open position at 1741742726764782332, latency order ts 1741742726965341110 and cv_singal at 1741742727164868784, lantency close position at 1741742727457442312 , profit is 1741742727457442312
2025-03-12 09:42:22,349 - INFO - open position at 1741743741364469882, latency order ts 1741743741564963268 and cv_singal at 1741743741869543175, lantency close position at 1741743742181872476 , profit is 1741743742181872476
2025-03-12 09:43:40,249 - INFO - open position at 1741743819256470343, latency order ts 1741743819462350896 and cv_singal at 1741743819776014440, lantency close position at 1741743820064958864 , profit is 1741743820064958864
2025-03-12 09:54:20,253 - INFO - end 30 mins testing period
2025-03-12 09:54:20,253 - INFO - Accumulated total proft is : -0.2684039377378255%
2025-03-12 09:54:22,117 - INFO - current mean : 1.00009366797137 and std : 0.0001569912304779586
2025-03-12 09:54:22,131 - INFO - overhead cost : 1878739699ns
2025-03-12 10:12:57,253 - INFO - open position at 1741745576264420819, latency order ts 1741745576569164567 and cv_singal at 1741745576864205530, lantency close position at 1741745577066961131 , profit is 1741745577066961131
2025-03-12 10:15:12,754 - INFO - open position at 1741745711888966084, latency order ts 1741745712175809134 and cv_singal at 1741745712373887147, lantency close position at 1741745712677970959 , profit is 1741745712677970959
2025-03-12 10:15:29,956 - INFO - open position at 1741745728578974626, latency order ts 1741745728874556075 and cv_singal at 1741745729571461803, lantency close position at 1741745729782388994 , profit is 1741745729782388994
2025-03-12 10:15:46,454 - INFO - open position at 1741745745664486069, latency order ts 1741745745861119528 and cv_singal at 1741745746181074516, lantency close position at 1741745746370567163 , profit is 1741745746370567163
2025-03-12 10:15:56,958 - INFO - open position at 1741745755286286005, latency order ts 1741745755484646892 and cv_singal at 1741745756664864794, lantency close position at 1741745756869666023 , profit is 1741745756869666023
2025-03-12 10:16:38,554 - INFO - open position at 1741745797066516401, latency order ts 1741745797479077091 and cv_singal at 1741745798289523270, lantency close position at 1741745798479126342 , profit is 1741745798479126342
2025-03-12 10:24:22,354 - INFO - end 30 mins testing period
2025-03-12 10:24:22,354 - INFO - Accumulated total proft is : -0.7908246228863942%
2025-03-12 10:24:24,072 - INFO - current mean : 1.000007916194195 and std : 0.00015609276311095207
2025-03-12 10:24:24,086 - INFO - overhead cost : 1731099920ns
2025-03-12 10:35:35,756 - INFO - open position at 1741746933774895012, latency order ts 1741746933973163726 and cv_singal at 1741746935473279711, lantency close position at 1741746935687684092 , profit is 1741746935687684092
2025-03-12 10:36:03,960 - INFO - open position at 1741746963017271934, latency order ts 1741746963177577385 and cv_singal at 1741746963674154680, lantency close position at 1741746963885305449 , profit is 1741746963885305449
2025-03-12 10:36:11,856 - INFO - open position at 1741746968778172119, latency order ts 1741746969074261462 and cv_singal at 1741746971361272389, lantency close position at 1741746971676840329 , profit is 1741746971676840329
2025-03-12 10:37:12,957 - INFO - open position at 1741747031870928767, latency order ts 1741747032184970707 and cv_singal at 1741747032558819458, lantency close position at 1741747032882104173 , profit is 1741747032882104173
2025-03-12 10:40:28,457 - INFO - open position at 1741747227566711264, latency order ts 1741747227867892485 and cv_singal at 1741747228164768075, lantency close position at 1741747228401942151 , profit is 1741747228401942151
2025-03-12 10:40:38,259 - INFO - open position at 1741747237377400389, latency order ts 1741747237696333691 and cv_singal at 1741747237889509184, lantency close position at 1741747238179429538 , profit is 1741747238179429538
2025-03-12 10:40:41,958 - INFO - open position at 1741747239975812090, latency order ts 1741747240287397598 and cv_singal at 1741747241576626415, lantency close position at 1741747241774888003 , profit is 1741747241774888003
2025-03-12 10:41:21,557 - INFO - open position at 1741747276673384384, latency order ts 1741747276962536280 and cv_singal at 1741747281168658570, lantency close position at 1741747281377872427 , profit is 1741747281377872427
2025-03-12 10:45:20,758 - INFO - open position at 1741747518875308764, latency order ts 1741747519075484594 and cv_singal at 1741747520395127645, lantency close position at 1741747520678267008 , profit is 1741747520678267008
2025-03-12 10:49:55,077 - INFO - open position at 1741747794082523633, latency order ts 1741747794382135483 and cv_singal at 1741747794670952200, lantency close position at 1741747794967911861 , profit is 1741747794967911861
2025-03-12 10:53:36,860 - INFO - open position at 1741748015473757695, latency order ts 1741748015782196208 and cv_singal at 1741748016468869472, lantency close position at 1741748016684785032 , profit is 1741748016684785032
2025-03-12 10:54:24,159 - INFO - end 30 mins testing period
2025-03-12 10:54:24,159 - INFO - Accumulated total proft is : -1.7829602062137673%
2025-03-12 10:54:25,849 - INFO - current mean : 0.9998880644774277 and std : 0.00015042302202741131
2025-03-12 10:54:25,862 - INFO - overhead cost : 1703352281ns
2025-03-12 10:56:05,659 - INFO - open position at 1741748146077748981, latency order ts 1741748146377694802 and cv_singal at 1741748165278864053, lantency close position at 1741748165575194042 , profit is 1741748165575194042
2025-03-12 10:59:40,265 - INFO - open position at 1741748260079778564, latency order ts 1741748260378026892 and cv_singal at 1741748379784779231, lantency close position at 1741748380185276313 , profit is 1741748380185276313
2025-03-12 11:02:22,960 - INFO - open position at 1741748423187765743, latency order ts 1741748423371638735 and cv_singal at 1741748542610356731, lantency close position at 1741748542785525626 , profit is 1741748542785525626
2025-03-12 11:05:41,261 - INFO - open position at 1741748639208611897, latency order ts 1741748639381468976 and cv_singal at 1741748740782489407, lantency close position at 1741748741070980618 , profit is 1741748741070980618
2025-03-12 11:06:55,064 - INFO - open position at 1741748798580377305, latency order ts 1741748798780533393 and cv_singal at 1741748814583560205, lantency close position at 1741748814877218961 , profit is 1741748814877218961
2025-03-12 11:07:48,560 - INFO - open position at 1741748856583938114, latency order ts 1741748856865522336 and cv_singal at 1741748868176446808, lantency close position at 1741748868481283877 , profit is 1741748868481283877
2025-03-12 11:08:04,672 - INFO - open position at 1741748870580554486, latency order ts 1741748870880594223 and cv_singal at 1741748884313221918, lantency close position at 1741748884576431080 , profit is 1741748884576431080
2025-03-12 11:11:14,668 - INFO - open position at 1741749009992723710, latency order ts 1741749010281033450 and cv_singal at 1741749074273578691, lantency close position at 1741749074590156890 , profit is 1741749074590156890
2025-03-12 11:15:13,371 - INFO - open position at 1741749259009242596, latency order ts 1741749259287561723 and cv_singal at 1741749312882368728, lantency close position at 1741749313182813185 , profit is 1741749313182813185
2025-03-12 11:19:24,463 - INFO - open position at 1741749347291205591, latency order ts 1741749347582404101 and cv_singal at 1741749564087199498, lantency close position at 1741749564377413703 , profit is 1741749564377413703
2025-03-12 11:23:01,464 - INFO - open position at 1741749621705207156, latency order ts 1741749621981610402 and cv_singal at 1741749781077905521, lantency close position at 1741749781373914677 , profit is 1741749781373914677
2025-03-12 11:24:02,865 - INFO - open position at 1741749807777347407, latency order ts 1741749808183557522 and cv_singal at 1741749842486486037, lantency close position at 1741749842772761887 , profit is 1741749842772761887
2025-03-12 11:24:25,965 - INFO - end 30 mins testing period
2025-03-12 11:24:25,966 - INFO - Accumulated total proft is : -2.759392499274034%
2025-03-12 11:24:27,819 - INFO - current mean : 0.9999224110384172 and std : 0.0001741985062240664
2025-03-12 11:24:27,832 - INFO - overhead cost : 1866728650ns
